******************************************************************************
                  MSP430 Linker PC v21.6.1                     
******************************************************************************
>> Linked Tue Nov 21 17:52:50 2023

OUTPUT FILE NAME:   <serialppm_oled.out>
ENTRY POINT SYMBOL: "_c_int00_noargs"  address: 0000c988


MEMORY CONFIGURATION

         name            origin    length      used     unused   attr    fill
----------------------  --------  ---------  --------  --------  ----  --------
  SFR                   00000000   00000010  00000000  00000010  RWIX
  PERIPHERALS_8BIT      00000010   000000f0  00000000  000000f0  RWIX
  PERIPHERALS_16BIT     00000100   00000100  00000000  00000100  RWIX
  RAM                   00000200   00000200  000001ad  00000053  RWIX
  INFOD                 00001000   00000040  00000000  00000040  RWIX
  INFOC                 00001040   00000040  00000000  00000040  RWIX
  INFOB                 00001080   00000040  00000000  00000040  RWIX
  INFOA                 000010c0   00000040  00000000  00000040  RWIX
  FLASH                 0000c000   00003fde  00000d64  0000327a  RWIX
  BSLSIGNATURE          0000ffde   00000002  00000002  00000000  RWIX  ffff 
  INT00                 0000ffe0   00000002  00000002  00000000  RWIX
  INT01                 0000ffe2   00000002  00000000  00000002  RWIX
  INT02                 0000ffe4   00000002  00000002  00000000  RWIX
  INT03                 0000ffe6   00000002  00000002  00000000  RWIX
  INT04                 0000ffe8   00000002  00000000  00000002  RWIX
  INT05                 0000ffea   00000002  00000002  00000000  RWIX
  INT06                 0000ffec   00000002  00000002  00000000  RWIX
  INT07                 0000ffee   00000002  00000002  00000000  RWIX
  INT08                 0000fff0   00000002  00000002  00000000  RWIX
  INT09                 0000fff2   00000002  00000002  00000000  RWIX
  INT10                 0000fff4   00000002  00000002  00000000  RWIX
  INT11                 0000fff6   00000002  00000002  00000000  RWIX
  INT12                 0000fff8   00000002  00000002  00000000  RWIX
  INT13                 0000fffa   00000002  00000002  00000000  RWIX
  INT14                 0000fffc   00000002  00000002  00000000  RWIX
  RESET                 0000fffe   00000002  00000002  00000000  RWIX


SECTION ALLOCATION MAP

 output                                  attributes/
section   page    origin      length       input sections
--------  ----  ----------  ----------   ----------------
.bss       0    00000200    000000f9     UNINITIALIZED
                  00000200    00000064     (.common:diff)
                  00000264    00000064     (.common:temp)
                  000002c8    00000012     (.common:buffer)
                  000002da    00000006     (.common:hh_char)
                  000002e0    00000006     (.common:hl_char)
                  000002e6    00000006     (.common:th_char)
                  000002ec    00000006     (.common:tl_char)
                  000002f2    00000002     (.common:PTxData)
                  000002f4    00000002     (.common:dataok)
                  000002f6    00000002     (.common:ppm_concentration)
                  000002f8    00000001     (.common:TxByteCtr)

.data      0    000002fa    00000064     UNINITIALIZED
                  000002fa    00000013     main.obj (.data:celcius)
                  0000030d    00000001     --HOLE--
                  0000030e    00000012     main.obj (.data)
                  00000320    00000011     main.obj (.data:temperature)
                  00000331    00000001     --HOLE--
                  00000332    0000000f     main.obj (.data:air_quality)
                  00000341    00000001     --HOLE--
                  00000342    0000000e     main.obj (.data:humidity)
                  00000350    00000007     main.obj (.data:ppm)
                  00000357    00000001     --HOLE--
                  00000358    00000003     main.obj (.data:percent)
                  0000035b    00000001     --HOLE--
                  0000035c    00000002     main.obj (.data:dot)

.stack     0    000003b0    00000050     UNINITIALIZED
                  000003b0    00000002     rts430_eabi.lib : boot.c.obj (.stack)
                  000003b2    0000004e     --HOLE--

.text      0    0000c000    00000a5e     
                  0000c000    000002ce     main.obj (.text:main)
                  0000c2ce    0000015e     main.obj (.text:displayDataOnOLED)
                  0000c42c    000000ce     ssd1306.obj (.text:ssd1306_init)
                  0000c4fa    00000082     rts430_eabi.lib : ltoa.c.obj (.text:ltoa)
                  0000c57c    0000007c                     : copy_decompress_lzss.c.obj (.text:decompress:lzss:__TI_decompress_lzss)
                  0000c5f8    00000078     ssd1306.obj (.text:ssd1306_printText)
                  0000c670    0000005c     main.obj (.text:mq135_read)
                  0000c6cc    00000058     rts430_eabi.lib : div32u.asm.obj (.text)
                  0000c724    0000004e     main.obj (.text:Timer_A1)
                  0000c772    0000004c     rts430_eabi.lib : lsr16.asm.obj (.text)
                  0000c7be    0000004c     ssd1306.obj (.text:ssd1306_clearDisplay)
                  0000c80a    00000048     ssd1306.obj (.text:ssd1306_setPosition)
                  0000c852    00000042     rts430_eabi.lib : autoinit.c.obj (.text:__TI_auto_init_nobinit_nopinit:__TI_auto_init_nobinit_nopinit)
                  0000c894    00000040                     : div32s.asm.obj (.text)
                  0000c8d4    00000032     i2c.obj (.text:USCIAB0TX_ISR)
                  0000c906    00000030     i2c.obj (.text:i2c_init)
                  0000c936    0000002c     rts430_eabi.lib : lsl16.asm.obj (.text)
                  0000c962    00000026     i2c.obj (.text:i2c_write)
                  0000c988    0000001c     rts430_eabi.lib : boot.c.obj (.text:_c_int00_noargs)
                  0000c9a4    0000001a     ssd1306.obj (.text:ssd1306_command)
                  0000c9be    00000014     rts430_eabi.lib : copy_zero_init.c.obj (.text:decompress:ZI:__TI_zero_init_nomemset:__TI_zero_init_nomemset)
                  0000c9d2    00000014     main.obj (.text:ser_output)
                  0000c9e6    00000012     rts430_eabi.lib : copy_decompress_none.c.obj (.text:decompress:none:__TI_decompress_none)
                  0000c9f8    00000012                     : memcpy.c.obj (.text:memcpy)
                  0000ca0a    00000010                     : epilog.asm.obj (.text)
                  0000ca1a    00000010                     : strcpy.c.obj (.text:strcpy)
                  0000ca2a    0000000e                     : labs.c.obj (.text:labs)
                  0000ca38    0000000a     main.obj (.text:mq135_init)
                  0000ca42    00000008     main.obj (.text:ADC10_ISR)
                  0000ca4a    00000008     rts430_eabi.lib : isr_trap.asm.obj (.text:_isr:__TI_ISR_TRAP)
                  0000ca52    00000006                     : exit.c.obj (.text:abort)
                  0000ca58    00000004                     : pre_init.c.obj (.text:_system_pre_init)
                  0000ca5c    00000002                     : startup.c.obj (.text:_system_post_cinit)

.const     0    0000ca5e    0000029c     
                  0000ca5e    000001e0     ssd1306.obj (.const:font_5x7)
                  0000cc3e    00000096     main.obj (.const:.string)
                  0000ccd4    00000026     rts430_eabi.lib : ltoa.c.obj (.const:.string)

.cinit     0    0000ccfa    0000006a     
                  0000ccfa    00000057     (.cinit..data.load) [load image, compression = lzss]
                  0000cd51    00000001     --HOLE-- [fill = 0]
                  0000cd52    00000006     (__TI_handler_table)
                  0000cd58    00000004     (.cinit..bss.load) [load image, compression = zero_init]
                  0000cd5c    00000008     (__TI_cinit_table)

.binit     0    0000c000    00000000     

.init_array 
*          0    0000c000    00000000     UNINITIALIZED

TRAPINT    0    0000ffe0    00000002     
                  0000ffe0    00000002     rts430_eabi.lib : int00.asm.obj (.int00)

PORT1      0    0000ffe4    00000002     
                  0000ffe4    00000002     rts430_eabi.lib : int02.asm.obj (.int02)

PORT2      0    0000ffe6    00000002     
                  0000ffe6    00000002     rts430_eabi.lib : int03.asm.obj (.int03)

ADC10      0    0000ffea    00000002     
                  0000ffea    00000002     main.obj (.int05)

USCIAB0TX 
*          0    0000ffec    00000002     
                  0000ffec    00000002     i2c.obj (.int06)

USCIAB0RX 
*          0    0000ffee    00000002     
                  0000ffee    00000002     rts430_eabi.lib : int07.asm.obj (.int07)

TIMER0_A1 
*          0    0000fff0    00000002     
                  0000fff0    00000002     rts430_eabi.lib : int08.asm.obj (.int08)

TIMER0_A0 
*          0    0000fff2    00000002     
                  0000fff2    00000002     rts430_eabi.lib : int09.asm.obj (.int09)

WDT        0    0000fff4    00000002     
                  0000fff4    00000002     rts430_eabi.lib : int10.asm.obj (.int10)

COMPARATORA 
*          0    0000fff6    00000002     
                  0000fff6    00000002     rts430_eabi.lib : int11.asm.obj (.int11)

TIMER1_A1 
*          0    0000fff8    00000002     
                  0000fff8    00000002     main.obj (.int12)

TIMER1_A0 
*          0    0000fffa    00000002     
                  0000fffa    00000002     rts430_eabi.lib : int13.asm.obj (.int13)

NMI        0    0000fffc    00000002     
                  0000fffc    00000002     rts430_eabi.lib : int14.asm.obj (.int14)

.reset     0    0000fffe    00000002     
                  0000fffe    00000002     rts430_eabi.lib : boot.c.obj (.reset)

$fill000   0    0000ffde    00000002     
                  0000ffde    00000002     --HOLE-- [fill = ffff]

MODULE SUMMARY

       Module                       code   ro data   rw data
       ------                       ----   -------   -------
    .\
       main.obj                     1276   154       341    
       ssd1306.obj                  500    480       0      
       i2c.obj                      136    2         3      
    +--+----------------------------+------+---------+---------+
       Total:                       1912   636       344    
                                                            
    C:\ti\ccs1240\ccs\tools\compiler\ti-cgt-msp430_21.6.1.LTS\lib\rts430_eabi.lib
       ltoa.c.obj                   130    38        0      
       copy_decompress_lzss.c.obj   124    0         0      
       div32u.asm.obj               88     0         0      
       lsr16.asm.obj                76     0         0      
       autoinit.c.obj               66     0         0      
       div32s.asm.obj               64     0         0      
       lsl16.asm.obj                44     0         0      
       boot.c.obj                   28     2         0      
       copy_zero_init.c.obj         20     0         0      
       copy_decompress_none.c.obj   18     0         0      
       memcpy.c.obj                 18     0         0      
       epilog.asm.obj               16     0         0      
       strcpy.c.obj                 16     0         0      
       labs.c.obj                   14     0         0      
       isr_trap.asm.obj             8      0         0      
       exit.c.obj                   6      0         0      
       pre_init.c.obj               4      0         0      
       int00.asm.obj                0      2         0      
       int02.asm.obj                0      2         0      
       int03.asm.obj                0      2         0      
       int07.asm.obj                0      2         0      
       int08.asm.obj                0      2         0      
       int09.asm.obj                0      2         0      
       int10.asm.obj                0      2         0      
       int11.asm.obj                0      2         0      
       int13.asm.obj                0      2         0      
       int14.asm.obj                0      2         0      
       startup.c.obj                2      0         0      
    +--+----------------------------+------+---------+---------+
       Total:                       742    60        0      
                                                            
       Stack:                       0      0         80     
       Linker Generated:            0      105       0      
    +--+----------------------------+------+---------+---------+
       Grand Total:                 2654   801       424    


LINKER GENERATED COPY TABLES

__TI_cinit_table @ 0000cd5c records: 2, size/record: 4, table size: 8
	.data: load addr=0000ccfa, load size=00000057 bytes, run addr=000002fa, run size=00000064 bytes, compression=lzss
	.bss: load addr=0000cd58, load size=00000004 bytes, run addr=00000200, run size=000000f9 bytes, compression=zero_init


LINKER GENERATED HANDLER TABLE

__TI_handler_table @ 0000cd52 records: 3, size/record: 2, table size: 6
	index: 0, handler: __TI_zero_init
	index: 1, handler: __TI_decompress_lzss
	index: 2, handler: __TI_decompress_none


GLOBAL SYMBOLS: SORTED ALPHABETICALLY BY Name 

address   name                          
-------   ----                          
0000004a  ADC10AE0                      
000001b0  ADC10CTL0                     
000001b2  ADC10CTL1                     
00000048  ADC10DTC0                     
00000049  ADC10DTC1                     
000001b4  ADC10MEM                      
000001bc  ADC10SA                       
0000ca42  ADC10_ISR                     
00000057  BCSCTL1                       
00000058  BCSCTL2                       
00000053  BCSCTL3                       
0000ca52  C$$EXIT                       
00000059  CACTL1                        
0000005a  CACTL2                        
000010fb  CALBC1_12MHZ                  
000010f9  CALBC1_16MHZ                  
000010ff  CALBC1_1MHZ                   
000010fd  CALBC1_8MHZ                   
000010fa  CALDCO_12MHZ                  
000010f8  CALDCO_16MHZ                  
000010fe  CALDCO_1MHZ                   
000010fc  CALDCO_8MHZ                   
0000005b  CAPD                          
00000056  DCOCTL                        
00000128  FCTL1                         
0000012a  FCTL2                         
0000012c  FCTL3                         
00000000  IE1                           
00000001  IE2                           
00000002  IFG1                          
00000003  IFG2                          
00000022  P1DIR                         
00000025  P1IE                          
00000024  P1IES                         
00000023  P1IFG                         
00000020  P1IN                          
00000021  P1OUT                         
00000027  P1REN                         
00000026  P1SEL                         
00000041  P1SEL2                        
0000002a  P2DIR                         
0000002d  P2IE                          
0000002c  P2IES                         
0000002b  P2IFG                         
00000028  P2IN                          
00000029  P2OUT                         
0000002f  P2REN                         
0000002e  P2SEL                         
00000042  P2SEL2                        
0000001a  P3DIR                         
00000018  P3IN                          
00000019  P3OUT                         
00000010  P3REN                         
0000001b  P3SEL                         
00000043  P3SEL2                        
000002f2  PTxData                       
00000172  TA0CCR0                       
00000174  TA0CCR1                       
00000176  TA0CCR2                       
00000162  TA0CCTL0                      
00000164  TA0CCTL1                      
00000166  TA0CCTL2                      
00000160  TA0CTL                        
0000012e  TA0IV                         
00000170  TA0R                          
00000192  TA1CCR0                       
00000194  TA1CCR1                       
00000196  TA1CCR2                       
00000182  TA1CCTL0                      
00000184  TA1CCTL1                      
00000186  TA1CCTL2                      
00000180  TA1CTL                        
0000011e  TA1IV                         
00000190  TA1R                          
000010db  TLV_ADC10_1_LEN               
000010da  TLV_ADC10_1_TAG               
000010c0  TLV_CHECKSUM                  
000010f7  TLV_DCO_30_LEN                
000010f6  TLV_DCO_30_TAG                
0000c724  Timer_A1                      
000002f8  TxByteCtr                     
0000005d  UCA0ABCTL                     
00000062  UCA0BR0                       
00000063  UCA0BR1                       
00000060  UCA0CTL0                      
00000061  UCA0CTL1                      
0000005f  UCA0IRRCTL                    
0000005e  UCA0IRTCTL                    
00000064  UCA0MCTL                      
00000066  UCA0RXBUF                     
00000065  UCA0STAT                      
00000067  UCA0TXBUF                     
0000006a  UCB0BR0                       
0000006b  UCB0BR1                       
00000068  UCB0CTL0                      
00000069  UCB0CTL1                      
0000006c  UCB0I2CIE                     
00000118  UCB0I2COA                     
0000011a  UCB0I2CSA                     
0000006e  UCB0RXBUF                     
0000006d  UCB0STAT                      
0000006f  UCB0TXBUF                     
0000c8d4  USCIAB0TX_ISR                 
00000120  WDTCTL                        
00000400  __STACK_END                   
00000050  __STACK_SIZE                  
0000cd5c  __TI_CINIT_Base               
0000cd64  __TI_CINIT_Limit              
0000cd64  __TI_CINIT_Warm               
0000cd52  __TI_Handler_Table_Base       
0000cd58  __TI_Handler_Table_Limit      
0000ca4a  __TI_ISR_TRAP                 
0000c852  __TI_auto_init_nobinit_nopinit
0000c57c  __TI_decompress_lzss          
0000c9e6  __TI_decompress_none          
0000ffe0  __TI_int00                    
0000ffe4  __TI_int02                    
0000ffe6  __TI_int03                    
0000ffea  __TI_int05                    
0000ffec  __TI_int06                    
0000ffee  __TI_int07                    
0000fff0  __TI_int08                    
0000fff2  __TI_int09                    
0000fff4  __TI_int10                    
0000fff6  __TI_int11                    
0000fff8  __TI_int12                    
0000fffa  __TI_int13                    
0000fffc  __TI_int14                    
ffffffff  __TI_pprof_out_hndl           
ffffffff  __TI_prof_data_size           
ffffffff  __TI_prof_data_start          
0000c9be  __TI_zero_init_nomemset       
ffffffff  __c_args__                    
0000c894  __mspabi_divli                
0000c6cc  __mspabi_divul                
0000ca16  __mspabi_func_epilog_1        
0000ca14  __mspabi_func_epilog_2        
0000ca12  __mspabi_func_epilog_3        
0000ca10  __mspabi_func_epilog_4        
0000ca0e  __mspabi_func_epilog_5        
0000ca0c  __mspabi_func_epilog_6        
0000ca0a  __mspabi_func_epilog_7        
0000c894  __mspabi_remli                
0000c6cc  __mspabi_remul                
0000c936  __mspabi_slli                 
0000c95e  __mspabi_slli_1               
0000c94c  __mspabi_slli_10              
0000c94a  __mspabi_slli_11              
0000c948  __mspabi_slli_12              
0000c946  __mspabi_slli_13              
0000c944  __mspabi_slli_14              
0000c942  __mspabi_slli_15              
0000c95c  __mspabi_slli_2               
0000c95a  __mspabi_slli_3               
0000c958  __mspabi_slli_4               
0000c956  __mspabi_slli_5               
0000c954  __mspabi_slli_6               
0000c952  __mspabi_slli_7               
0000c950  __mspabi_slli_8               
0000c94e  __mspabi_slli_9               
0000c772  __mspabi_srli                 
0000c7b8  __mspabi_srli_1               
0000c794  __mspabi_srli_10              
0000c790  __mspabi_srli_11              
0000c78c  __mspabi_srli_12              
0000c788  __mspabi_srli_13              
0000c784  __mspabi_srli_14              
0000c780  __mspabi_srli_15              
0000c7b4  __mspabi_srli_2               
0000c7b0  __mspabi_srli_3               
0000c7ac  __mspabi_srli_4               
0000c7a8  __mspabi_srli_5               
0000c7a4  __mspabi_srli_6               
0000c7a0  __mspabi_srli_7               
0000c79c  __mspabi_srli_8               
0000c798  __mspabi_srli_9               
0000c988  _c_int00_noargs               
0000fffe  _reset_vector                 
000003b0  _stack                        
0000ca5c  _system_post_cinit            
0000ca58  _system_pre_init              
0000ca52  abort                         
00000332  air_quality                   
000002c8  buffer                        
000002fa  celcius                       
0000031a  check                         
0000031c  checksum                      
000002f4  dataok                        
00000200  diff                          
0000c2ce  displayDataOnOLED             
0000035c  dot                           
0000ca5e  font_5x7                      
00000312  hh                            
000002da  hh_char                       
00000314  hl                            
000002e0  hl_char                       
00000342  humidity                      
0000030e  i                             
0000c906  i2c_init                      
0000c962  i2c_write                     
00000310  j                             
0000ca2a  labs                          
0000c4fa  ltoa                          
0000c000  main                          
0000c9f8  memcpy                        
0000ca38  mq135_init                    
0000c670  mq135_read                    
0000031e  mq_reading                    
00000358  percent                       
00000350  ppm                           
000002f6  ppm_concentration             
0000c9d2  ser_output                    
0000c7be  ssd1306_clearDisplay          
0000c9a4  ssd1306_command               
0000c42c  ssd1306_init                  
0000c5f8  ssd1306_printText             
0000c80a  ssd1306_setPosition           
0000ca1a  strcpy                        
00000264  temp                          
00000320  temperature                   
00000316  th                            
000002e6  th_char                       
00000318  tl                            
000002ec  tl_char                       


GLOBAL SYMBOLS: SORTED BY Symbol Address 

address   name                          
-------   ----                          
00000000  IE1                           
00000001  IE2                           
00000002  IFG1                          
00000003  IFG2                          
00000010  P3REN                         
00000018  P3IN                          
00000019  P3OUT                         
0000001a  P3DIR                         
0000001b  P3SEL                         
00000020  P1IN                          
00000021  P1OUT                         
00000022  P1DIR                         
00000023  P1IFG                         
00000024  P1IES                         
00000025  P1IE                          
00000026  P1SEL                         
00000027  P1REN                         
00000028  P2IN                          
00000029  P2OUT                         
0000002a  P2DIR                         
0000002b  P2IFG                         
0000002c  P2IES                         
0000002d  P2IE                          
0000002e  P2SEL                         
0000002f  P2REN                         
00000041  P1SEL2                        
00000042  P2SEL2                        
00000043  P3SEL2                        
00000048  ADC10DTC0                     
00000049  ADC10DTC1                     
0000004a  ADC10AE0                      
00000050  __STACK_SIZE                  
00000053  BCSCTL3                       
00000056  DCOCTL                        
00000057  BCSCTL1                       
00000058  BCSCTL2                       
00000059  CACTL1                        
0000005a  CACTL2                        
0000005b  CAPD                          
0000005d  UCA0ABCTL                     
0000005e  UCA0IRTCTL                    
0000005f  UCA0IRRCTL                    
00000060  UCA0CTL0                      
00000061  UCA0CTL1                      
00000062  UCA0BR0                       
00000063  UCA0BR1                       
00000064  UCA0MCTL                      
00000065  UCA0STAT                      
00000066  UCA0RXBUF                     
00000067  UCA0TXBUF                     
00000068  UCB0CTL0                      
00000069  UCB0CTL1                      
0000006a  UCB0BR0                       
0000006b  UCB0BR1                       
0000006c  UCB0I2CIE                     
0000006d  UCB0STAT                      
0000006e  UCB0RXBUF                     
0000006f  UCB0TXBUF                     
00000118  UCB0I2COA                     
0000011a  UCB0I2CSA                     
0000011e  TA1IV                         
00000120  WDTCTL                        
00000128  FCTL1                         
0000012a  FCTL2                         
0000012c  FCTL3                         
0000012e  TA0IV                         
00000160  TA0CTL                        
00000162  TA0CCTL0                      
00000164  TA0CCTL1                      
00000166  TA0CCTL2                      
00000170  TA0R                          
00000172  TA0CCR0                       
00000174  TA0CCR1                       
00000176  TA0CCR2                       
00000180  TA1CTL                        
00000182  TA1CCTL0                      
00000184  TA1CCTL1                      
00000186  TA1CCTL2                      
00000190  TA1R                          
00000192  TA1CCR0                       
00000194  TA1CCR1                       
00000196  TA1CCR2                       
000001b0  ADC10CTL0                     
000001b2  ADC10CTL1                     
000001b4  ADC10MEM                      
000001bc  ADC10SA                       
00000200  diff                          
00000264  temp                          
000002c8  buffer                        
000002da  hh_char                       
000002e0  hl_char                       
000002e6  th_char                       
000002ec  tl_char                       
000002f2  PTxData                       
000002f4  dataok                        
000002f6  ppm_concentration             
000002f8  TxByteCtr                     
000002fa  celcius                       
0000030e  i                             
00000310  j                             
00000312  hh                            
00000314  hl                            
00000316  th                            
00000318  tl                            
0000031a  check                         
0000031c  checksum                      
0000031e  mq_reading                    
00000320  temperature                   
00000332  air_quality                   
00000342  humidity                      
00000350  ppm                           
00000358  percent                       
0000035c  dot                           
000003b0  _stack                        
00000400  __STACK_END                   
000010c0  TLV_CHECKSUM                  
000010da  TLV_ADC10_1_TAG               
000010db  TLV_ADC10_1_LEN               
000010f6  TLV_DCO_30_TAG                
000010f7  TLV_DCO_30_LEN                
000010f8  CALDCO_16MHZ                  
000010f9  CALBC1_16MHZ                  
000010fa  CALDCO_12MHZ                  
000010fb  CALBC1_12MHZ                  
000010fc  CALDCO_8MHZ                   
000010fd  CALBC1_8MHZ                   
000010fe  CALDCO_1MHZ                   
000010ff  CALBC1_1MHZ                   
0000c000  main                          
0000c2ce  displayDataOnOLED             
0000c42c  ssd1306_init                  
0000c4fa  ltoa                          
0000c57c  __TI_decompress_lzss          
0000c5f8  ssd1306_printText             
0000c670  mq135_read                    
0000c6cc  __mspabi_divul                
0000c6cc  __mspabi_remul                
0000c724  Timer_A1                      
0000c772  __mspabi_srli                 
0000c780  __mspabi_srli_15              
0000c784  __mspabi_srli_14              
0000c788  __mspabi_srli_13              
0000c78c  __mspabi_srli_12              
0000c790  __mspabi_srli_11              
0000c794  __mspabi_srli_10              
0000c798  __mspabi_srli_9               
0000c79c  __mspabi_srli_8               
0000c7a0  __mspabi_srli_7               
0000c7a4  __mspabi_srli_6               
0000c7a8  __mspabi_srli_5               
0000c7ac  __mspabi_srli_4               
0000c7b0  __mspabi_srli_3               
0000c7b4  __mspabi_srli_2               
0000c7b8  __mspabi_srli_1               
0000c7be  ssd1306_clearDisplay          
0000c80a  ssd1306_setPosition           
0000c852  __TI_auto_init_nobinit_nopinit
0000c894  __mspabi_divli                
0000c894  __mspabi_remli                
0000c8d4  USCIAB0TX_ISR                 
0000c906  i2c_init                      
0000c936  __mspabi_slli                 
0000c942  __mspabi_slli_15              
0000c944  __mspabi_slli_14              
0000c946  __mspabi_slli_13              
0000c948  __mspabi_slli_12              
0000c94a  __mspabi_slli_11              
0000c94c  __mspabi_slli_10              
0000c94e  __mspabi_slli_9               
0000c950  __mspabi_slli_8               
0000c952  __mspabi_slli_7               
0000c954  __mspabi_slli_6               
0000c956  __mspabi_slli_5               
0000c958  __mspabi_slli_4               
0000c95a  __mspabi_slli_3               
0000c95c  __mspabi_slli_2               
0000c95e  __mspabi_slli_1               
0000c962  i2c_write                     
0000c988  _c_int00_noargs               
0000c9a4  ssd1306_command               
0000c9be  __TI_zero_init_nomemset       
0000c9d2  ser_output                    
0000c9e6  __TI_decompress_none          
0000c9f8  memcpy                        
0000ca0a  __mspabi_func_epilog_7        
0000ca0c  __mspabi_func_epilog_6        
0000ca0e  __mspabi_func_epilog_5        
0000ca10  __mspabi_func_epilog_4        
0000ca12  __mspabi_func_epilog_3        
0000ca14  __mspabi_func_epilog_2        
0000ca16  __mspabi_func_epilog_1        
0000ca1a  strcpy                        
0000ca2a  labs                          
0000ca38  mq135_init                    
0000ca42  ADC10_ISR                     
0000ca4a  __TI_ISR_TRAP                 
0000ca52  C$$EXIT                       
0000ca52  abort                         
0000ca58  _system_pre_init              
0000ca5c  _system_post_cinit            
0000ca5e  font_5x7                      
0000cd52  __TI_Handler_Table_Base       
0000cd58  __TI_Handler_Table_Limit      
0000cd5c  __TI_CINIT_Base               
0000cd64  __TI_CINIT_Limit              
0000cd64  __TI_CINIT_Warm               
0000ffe0  __TI_int00                    
0000ffe4  __TI_int02                    
0000ffe6  __TI_int03                    
0000ffea  __TI_int05                    
0000ffec  __TI_int06                    
0000ffee  __TI_int07                    
0000fff0  __TI_int08                    
0000fff2  __TI_int09                    
0000fff4  __TI_int10                    
0000fff6  __TI_int11                    
0000fff8  __TI_int12                    
0000fffa  __TI_int13                    
0000fffc  __TI_int14                    
0000fffe  _reset_vector                 
ffffffff  __TI_pprof_out_hndl           
ffffffff  __TI_prof_data_size           
ffffffff  __TI_prof_data_start          
ffffffff  __c_args__                    

[224 symbols]
